main.c:64:6:delay	16	static
main.c:71:6:Display_Temp	40	static
main.c:81:6:Display_Rh	40	static
main.c:98:6:Set_Pin_Output	40	static
main.c:107:6:Set_Pin_Input	40	static
main.c:121:6:DHT11_Start	8	static
main.c:131:9:DHT11_Check_Response	16	static
main.c:146:9:DHT11_Read	16	static
main.c:169:5:main	8	static
main.c:261:6:SystemClock_Config	88	static
main.c:305:13:MX_I2C1_Init	8	static
main.c:339:13:MX_TIM6_Init	16	static
main.c:377:13:MX_GPIO_Init	40	static
main.c:406:6:Error_Handler	4	static,ignoring_inline_asm
