STM_MY_LCD16X2.c:76:17:DWT_Delay_Init	4	static,ignoring_inline_asm
STM_MY_LCD16X2.c:102:22:DWT_Delay_us	24	static
STM_MY_LCD16X2.c:112:13:lcd16x2_enablePulse	8	static
STM_MY_LCD16X2.c:123:13:lcd16x2_rs	16	static
STM_MY_LCD16X2.c:131:13:lcd16x2_write	24	static
STM_MY_LCD16X2.c:168:13:lcd16x2_writeCommand	16	static
STM_MY_LCD16X2.c:177:13:lcd16x2_writeData	16	static
STM_MY_LCD16X2.c:186:13:lcd16x2_write4	16	static
STM_MY_LCD16X2.c:207:6:lcd16x2_init_8bits	24	static
STM_MY_LCD16X2.c:254:6:lcd16x2_init_4bits	24	static
STM_MY_LCD16X2.c:297:6:lcd16x2_setCursor	24	static
STM_MY_LCD16X2.c:315:6:lcd16x2_1stLine	8	static
STM_MY_LCD16X2.c:322:6:lcd16x2_2ndLine	8	static
STM_MY_LCD16X2.c:330:6:lcd16x2_twoLines	8	static
STM_MY_LCD16X2.c:335:6:lcd16x2_oneLine	8	static
STM_MY_LCD16X2.c:344:6:lcd16x2_cursorShow	16	static
STM_MY_LCD16X2.c:361:6:lcd16x2_clear	8	static
STM_MY_LCD16X2.c:370:6:lcd16x2_display	16	static
STM_MY_LCD16X2.c:387:6:lcd16x2_shiftRight	24	static
STM_MY_LCD16X2.c:398:6:lcd16x2_shiftLeft	24	static
STM_MY_LCD16X2.c:409:6:lcd16x2_printf	48	static
