Archive member included to satisfy reference by file (symbol)

c:/st/stm32cubeide_1.6.1/stm32cubeide/plugins/com.st.stm32cube.ide.mcu.externaltools.gnu-tools-for-stm32.9-2020-q2-update.win32_2.0.0.202105311346/tools/bin/../lib/gcc/arm-none-eabi/9.3.1/../../../../arm-none-eabi/lib/thumb/v7e-m+fp/hard\libc_nano.a(lib_a-errno.o)
                              ./Core/Src/syscalls.o (__errno)
c:/st/stm32cubeide_1.6.1/stm32cubeide/plugins/com.st.stm32cube.ide.mcu.externaltools.gnu-tools-for-stm32.9-2020-q2-update.win32_2.0.0.202105311346/tools/bin/../lib/gcc/arm-none-eabi/9.3.1/../../../../arm-none-eabi/lib/thumb/v7e-m+fp/hard\libc_nano.a(lib_a-exit.o)
                              c:/st/stm32cubeide_1.6.1/stm32cubeide/plugins/com.st.stm32cube.ide.mcu.externaltools.gnu-tools-for-stm32.9-2020-q2-update.win32_2.0.0.202105311346/tools/bin/../lib/gcc/arm-none-eabi/9.3.1/../../../../arm-none-eabi/lib/thumb/v7e-m+fp/hard/crt0.o (exit)
c:/st/stm32cubeide_1.6.1/stm32cubeide/plugins/com.st.stm32cube.ide.mcu.externaltools.gnu-tools-for-stm32.9-2020-q2-update.win32_2.0.0.202105311346/tools/bin/../lib/gcc/arm-none-eabi/9.3.1/../../../../arm-none-eabi/lib/thumb/v7e-m+fp/hard\libc_nano.a(lib_a-impure.o)
                              c:/st/stm32cubeide_1.6.1/stm32cubeide/plugins/com.st.stm32cube.ide.mcu.externaltools.gnu-tools-for-stm32.9-2020-q2-update.win32_2.0.0.202105311346/tools/bin/../lib/gcc/arm-none-eabi/9.3.1/../../../../arm-none-eabi/lib/thumb/v7e-m+fp/hard\libc_nano.a(lib_a-exit.o) (_global_impure_ptr)
c:/st/stm32cubeide_1.6.1/stm32cubeide/plugins/com.st.stm32cube.ide.mcu.externaltools.gnu-tools-for-stm32.9-2020-q2-update.win32_2.0.0.202105311346/tools/bin/../lib/gcc/arm-none-eabi/9.3.1/../../../../arm-none-eabi/lib/thumb/v7e-m+fp/hard\libc_nano.a(lib_a-init.o)
                              c:/st/stm32cubeide_1.6.1/stm32cubeide/plugins/com.st.stm32cube.ide.mcu.externaltools.gnu-tools-for-stm32.9-2020-q2-update.win32_2.0.0.202105311346/tools/bin/../lib/gcc/arm-none-eabi/9.3.1/../../../../arm-none-eabi/lib/thumb/v7e-m+fp/hard/crt0.o (__libc_init_array)
c:/st/stm32cubeide_1.6.1/stm32cubeide/plugins/com.st.stm32cube.ide.mcu.externaltools.gnu-tools-for-stm32.9-2020-q2-update.win32_2.0.0.202105311346/tools/bin/../lib/gcc/arm-none-eabi/9.3.1/../../../../arm-none-eabi/lib/thumb/v7e-m+fp/hard\libc_nano.a(lib_a-memcpy-stub.o)
                              ./Core/Src/TJ_MPU6050.o (memcpy)
c:/st/stm32cubeide_1.6.1/stm32cubeide/plugins/com.st.stm32cube.ide.mcu.externaltools.gnu-tools-for-stm32.9-2020-q2-update.win32_2.0.0.202105311346/tools/bin/../lib/gcc/arm-none-eabi/9.3.1/../../../../arm-none-eabi/lib/thumb/v7e-m+fp/hard\libc_nano.a(lib_a-memset.o)
                              c:/st/stm32cubeide_1.6.1/stm32cubeide/plugins/com.st.stm32cube.ide.mcu.externaltools.gnu-tools-for-stm32.9-2020-q2-update.win32_2.0.0.202105311346/tools/bin/../lib/gcc/arm-none-eabi/9.3.1/../../../../arm-none-eabi/lib/thumb/v7e-m+fp/hard/crt0.o (memset)
c:/st/stm32cubeide_1.6.1/stm32cubeide/plugins/com.st.stm32cube.ide.mcu.externaltools.gnu-tools-for-stm32.9-2020-q2-update.win32_2.0.0.202105311346/tools/bin/../lib/gcc/arm-none-eabi/9.3.1/thumb/v7e-m+fp/hard\libgcc.a(_aeabi_uldivmod.o)
                              ./Drivers/STM32F4xx_HAL_Driver/Src/stm32f4xx_hal_rcc.o (__aeabi_uldivmod)
c:/st/stm32cubeide_1.6.1/stm32cubeide/plugins/com.st.stm32cube.ide.mcu.externaltools.gnu-tools-for-stm32.9-2020-q2-update.win32_2.0.0.202105311346/tools/bin/../lib/gcc/arm-none-eabi/9.3.1/thumb/v7e-m+fp/hard\libgcc.a(_udivmoddi4.o)
                              c:/st/stm32cubeide_1.6.1/stm32cubeide/plugins/com.st.stm32cube.ide.mcu.externaltools.gnu-tools-for-stm32.9-2020-q2-update.win32_2.0.0.202105311346/tools/bin/../lib/gcc/arm-none-eabi/9.3.1/thumb/v7e-m+fp/hard\libgcc.a(_aeabi_uldivmod.o) (__udivmoddi4)
c:/st/stm32cubeide_1.6.1/stm32cubeide/plugins/com.st.stm32cube.ide.mcu.externaltools.gnu-tools-for-stm32.9-2020-q2-update.win32_2.0.0.202105311346/tools/bin/../lib/gcc/arm-none-eabi/9.3.1/thumb/v7e-m+fp/hard\libgcc.a(_dvmd_tls.o)
                              c:/st/stm32cubeide_1.6.1/stm32cubeide/plugins/com.st.stm32cube.ide.mcu.externaltools.gnu-tools-for-stm32.9-2020-q2-update.win32_2.0.0.202105311346/tools/bin/../lib/gcc/arm-none-eabi/9.3.1/thumb/v7e-m+fp/hard\libgcc.a(_aeabi_uldivmod.o) (__aeabi_ldiv0)

Allocating common symbols
Common symbol       size              file

hi2c1               0x54              ./Core/Src/main.o
myGyroRaw           0x6               ./Core/Src/main.o
uwTick              0x4               ./Drivers/STM32F4xx_HAL_Driver/Src/stm32f4xx_hal.o
pFlash              0x20              ./Drivers/STM32F4xx_HAL_Driver/Src/stm32f4xx_hal_flash.o
myAccelScaled       0xc               ./Core/Src/main.o
huart2              0x44              ./Core/Src/main.o
myGyroScaled        0xc               ./Core/Src/main.o
myAccelRaw          0x6               ./Core/Src/main.o

Discarded input sections

[...]
Memory Configuration

Name             Origin             Length             Attributes
CCMRAM           0x0000000010000000 0x0000000000010000 xrw
RAM              0x0000000020000000 0x0000000000020000 xrw
FLASH            0x0000000008000000 0x0000000000100000 xr
*default*        0x0000000000000000 0xffffffffffffffff

Linker script and memory map

LOAD c:/st/stm32cubeide_1.6.1/stm32cubeide/plugins/com.st.stm32cube.ide.mcu.externaltools.gnu-tools-for-stm32.9-2020-q2-update.win32_2.0.0.202105311346/tools/bin/../lib/gcc/arm-none-eabi/9.3.1/thumb/v7e-m+fp/hard/crti.o
LOAD c:/st/stm32cubeide_1.6.1/stm32cubeide/plugins/com.st.stm32cube.ide.mcu.externaltools.gnu-tools-for-stm32.9-2020-q2-update.win32_2.0.0.202105311346/tools/bin/../lib/gcc/arm-none-eabi/9.3.1/thumb/v7e-m+fp/hard/crtbegin.o
LOAD c:/st/stm32cubeide_1.6.1/stm32cubeide/plugins/com.st.stm32cube.ide.mcu.externaltools.gnu-tools-for-stm32.9-2020-q2-update.win32_2.0.0.202105311346/tools/bin/../lib/gcc/arm-none-eabi/9.3.1/../../../../arm-none-eabi/lib/thumb/v7e-m+fp/hard/crt0.o
LOAD ./Core/Src/TJ_MPU6050.o
LOAD ./Core/Src/main.o
LOAD ./Core/Src/stm32f4xx_hal_msp.o
LOAD ./Core/Src/stm32f4xx_it.o
LOAD ./Core/Src/syscalls.o
LOAD ./Core/Src/sysmem.o
LOAD ./Core/Src/system_stm32f4xx.o
LOAD ./Core/Startup/startup_stm32f407vgtx.o
LOAD ./Drivers/STM32F4xx_HAL_Driver/Src/stm32f4xx_hal.o
LOAD ./Drivers/STM32F4xx_HAL_Driver/Src/stm32f4xx_hal_cortex.o
LOAD ./Drivers/STM32F4xx_HAL_Driver/Src/stm32f4xx_hal_dma.o
LOAD ./Drivers/STM32F4xx_HAL_Driver/Src/stm32f4xx_hal_dma_ex.o
LOAD ./Drivers/STM32F4xx_HAL_Driver/Src/stm32f4xx_hal_exti.o
LOAD ./Drivers/STM32F4xx_HAL_Driver/Src/stm32f4xx_hal_flash.o
LOAD ./Drivers/STM32F4xx_HAL_Driver/Src/stm32f4xx_hal_flash_ex.o
LOAD ./Drivers/STM32F4xx_HAL_Driver/Src/stm32f4xx_hal_flash_ramfunc.o
LOAD ./Drivers/STM32F4xx_HAL_Driver/Src/stm32f4xx_hal_gpio.o
LOAD ./Drivers/STM32F4xx_HAL_Driver/Src/stm32f4xx_hal_i2c.o
LOAD ./Drivers/STM32F4xx_HAL_Driver/Src/stm32f4xx_hal_i2c_ex.o
LOAD ./Drivers/STM32F4xx_HAL_Driver/Src/stm32f4xx_hal_pwr.o
LOAD ./Drivers/STM32F4xx_HAL_Driver/Src/stm32f4xx_hal_pwr_ex.o
LOAD ./Drivers/STM32F4xx_HAL_Driver/Src/stm32f4xx_hal_rcc.o
LOAD ./Drivers/STM32F4xx_HAL_Driver/Src/stm32f4xx_hal_rcc_ex.o
LOAD ./Drivers/STM32F4xx_HAL_Driver/Src/stm32f4xx_hal_tim.o
LOAD ./Drivers/STM32F4xx_HAL_Driver/Src/stm32f4xx_hal_tim_ex.o
LOAD ./Drivers/STM32F4xx_HAL_Driver/Src/stm32f4xx_hal_uart.o
START GROUP
LOAD c:/st/stm32cubeide_1.6.1/stm32cubeide/plugins/com.st.stm32cube.ide.mcu.externaltools.gnu-tools-for-stm32.9-2020-q2-update.win32_2.0.0.202105311346/tools/bin/../lib/gcc/arm-none-eabi/9.3.1/../../../../arm-none-eabi/lib/thumb/v7e-m+fp/hard\libc_nano.a
LOAD c:/st/stm32cubeide_1.6.1/stm32cubeide/plugins/com.st.stm32cube.ide.mcu.externaltools.gnu-tools-for-stm32.9-2020-q2-update.win32_2.0.0.202105311346/tools/bin/../lib/gcc/arm-none-eabi/9.3.1/../../../../arm-none-eabi/lib/thumb/v7e-m+fp/hard\libm.a
END GROUP
START GROUP
LOAD c:/st/stm32cubeide_1.6.1/stm32cubeide/plugins/com.st.stm32cube.ide.mcu.externaltools.gnu-tools-for-stm32.9-2020-q2-update.win32_2.0.0.202105311346/tools/bin/../lib/gcc/arm-none-eabi/9.3.1/thumb/v7e-m+fp/hard\libgcc.a
LOAD c:/st/stm32cubeide_1.6.1/stm32cubeide/plugins/com.st.stm32cube.ide.mcu.externaltools.gnu-tools-for-stm32.9-2020-q2-update.win32_2.0.0.202105311346/tools/bin/../lib/gcc/arm-none-eabi/9.3.1/../../../../arm-none-eabi/lib/thumb/v7e-m+fp/hard\libc_nano.a
END GROUP
START GROUP
LOAD c:/st/stm32cubeide_1.6.1/stm32cubeide/plugins/com.st.stm32cube.ide.mcu.externaltools.gnu-tools-for-stm32.9-2020-q2-update.win32_2.0.0.202105311346/tools/bin/../lib/gcc/arm-none-eabi/9.3.1/thumb/v7e-m+fp/hard\libgcc.a
LOAD c:/st/stm32cubeide_1.6.1/stm32cubeide/plugins/com.st.stm32cube.ide.mcu.externaltools.gnu-tools-for-stm32.9-2020-q2-update.win32_2.0.0.202105311346/tools/bin/../lib/gcc/arm-none-eabi/9.3.1/../../../../arm-none-eabi/lib/thumb/v7e-m+fp/hard\libc_nano.a
LOAD c:/st/stm32cubeide_1.6.1/stm32cubeide/plugins/com.st.stm32cube.ide.mcu.externaltools.gnu-tools-for-stm32.9-2020-q2-update.win32_2.0.0.202105311346/tools/bin/../lib/gcc/arm-none-eabi/9.3.1/../../../../arm-none-eabi/lib/thumb/v7e-m+fp/hard\libnosys.a
END GROUP
START GROUP
LOAD c:/st/stm32cubeide_1.6.1/stm32cubeide/plugins/com.st.stm32cube.ide.mcu.externaltools.gnu-tools-for-stm32.9-2020-q2-update.win32_2.0.0.202105311346/tools/bin/../lib/gcc/arm-none-eabi/9.3.1/thumb/v7e-m+fp/hard\libgcc.a
LOAD c:/st/stm32cubeide_1.6.1/stm32cubeide/plugins/com.st.stm32cube.ide.mcu.externaltools.gnu-tools-for-stm32.9-2020-q2-update.win32_2.0.0.202105311346/tools/bin/../lib/gcc/arm-none-eabi/9.3.1/../../../../arm-none-eabi/lib/thumb/v7e-m+fp/hard\libc_nano.a
LOAD c:/st/stm32cubeide_1.6.1/stm32cubeide/plugins/com.st.stm32cube.ide.mcu.externaltools.gnu-tools-for-stm32.9-2020-q2-update.win32_2.0.0.202105311346/tools/bin/../lib/gcc/arm-none-eabi/9.3.1/../../../../arm-none-eabi/lib/thumb/v7e-m+fp/hard\libnosys.a
END GROUP
LOAD c:/st/stm32cubeide_1.6.1/stm32cubeide/plugins/com.st.stm32cube.ide.mcu.externaltools.gnu-tools-for-stm32.9-2020-q2-update.win32_2.0.0.202105311346/tools/bin/../lib/gcc/arm-none-eabi/9.3.1/thumb/v7e-m+fp/hard/crtend.o
LOAD c:/st/stm32cubeide_1.6.1/stm32cubeide/plugins/com.st.stm32cube.ide.mcu.externaltools.gnu-tools-for-stm32.9-2020-q2-update.win32_2.0.0.202105311346/tools/bin/../lib/gcc/arm-none-eabi/9.3.1/thumb/v7e-m+fp/hard/crtn.o
                0x0000000020020000                _estack = (ORIGIN (RAM) + LENGTH (RAM))
                0x0000000000000200                _Min_Heap_Size = 0x200
                0x0000000000000400                _Min_Stack_Size = 0x400

.isr_vector     0x0000000008000000      0x188
                0x0000000008000000                . = ALIGN (0x4)
 *(.isr_vector)
 .isr_vector    0x0000000008000000      0x188 ./Core/Startup/startup_stm32f407vgtx.o
                0x0000000008000000                g_pfnVectors
                0x0000000008000188                . = ALIGN (0x4)

.text           0x0000000008000188     0x2f6c
                0x0000000008000188                . = ALIGN (0x4)
 *(.text)
 .text          0x0000000008000188       0x40 c:/st/stm32cubeide_1.6.1/stm32cubeide/plugins/com.st.stm32cube.ide.mcu.externaltools.gnu-tools-for-stm32.9-2020-q2-update.win32_2.0.0.202105311346/tools/bin/../lib/gcc/arm-none-eabi/9.3.1/thumb/v7e-m+fp/hard/crtbegin.o
 .text          0x00000000080001c8       0x30 c:/st/stm32cubeide_1.6.1/stm32cubeide/plugins/com.st.stm32cube.ide.mcu.externaltools.gnu-tools-for-stm32.9-2020-q2-update.win32_2.0.0.202105311346/tools/bin/../lib/gcc/arm-none-eabi/9.3.1/thumb/v7e-m+fp/hard\libgcc.a(_aeabi_uldivmod.o)
                0x00000000080001c8                __aeabi_uldivmod
 .text          0x00000000080001f8      0x2c4 c:/st/stm32cubeide_1.6.1/stm32cubeide/plugins/com.st.stm32cube.ide.mcu.externaltools.gnu-tools-for-stm32.9-2020-q2-update.win32_2.0.0.202105311346/tools/bin/../lib/gcc/arm-none-eabi/9.3.1/thumb/v7e-m+fp/hard\libgcc.a(_udivmoddi4.o)
                0x00000000080001f8                __udivmoddi4
 .text          0x00000000080004bc        0x4 c:/st/stm32cubeide_1.6.1/stm32cubeide/plugins/com.st.stm32cube.ide.mcu.externaltools.gnu-tools-for-stm32.9-2020-q2-update.win32_2.0.0.202105311346/tools/bin/../lib/gcc/arm-none-eabi/9.3.1/thumb/v7e-m+fp/hard\libgcc.a(_dvmd_tls.o)
                0x00000000080004bc                __aeabi_idiv0
                0x00000000080004bc                __aeabi_ldiv0
 *(.text*)
 .text.MPU6050_Init
                0x00000000080004c0       0x20 ./Core/Src/TJ_MPU6050.o
                0x00000000080004c0                MPU6050_Init
 .text.I2C_Read
                0x00000000080004e0       0x4c ./Core/Src/TJ_MPU6050.o
                0x00000000080004e0                I2C_Read
 .text.I2C_Write8
                0x000000000800052c       0x3c ./Core/Src/TJ_MPU6050.o
                0x000000000800052c                I2C_Write8
 .text.MPU6050_Config
                0x0000000008000568      0x150 ./Core/Src/TJ_MPU6050.o
                0x0000000008000568                MPU6050_Config
 .text.MPU6050_Set_SMPRT_DIV
                0x00000000080006b8       0x1c ./Core/Src/TJ_MPU6050.o
                0x00000000080006b8                MPU6050_Set_SMPRT_DIV
 .text.MPU6050_Get_Accel_RawData
                0x00000000080006d4       0xcc ./Core/Src/TJ_MPU6050.o
                0x00000000080006d4                MPU6050_Get_Accel_RawData
 .text.MPU6050_Get_Accel_Scale
                0x00000000080007a0       0x90 ./Core/Src/TJ_MPU6050.o
                0x00000000080007a0                MPU6050_Get_Accel_Scale
 .text.MPU6050_Get_Gyro_RawData
                0x0000000008000830       0x38 ./Core/Src/TJ_MPU6050.o
                0x0000000008000830                MPU6050_Get_Gyro_RawData
 .text.MPU6050_Get_Gyro_Scale
                0x0000000008000868       0x74 ./Core/Src/TJ_MPU6050.o
                0x0000000008000868                MPU6050_Get_Gyro_Scale
 .text.main     0x00000000080008dc       0x6c ./Core/Src/main.o
                0x00000000080008dc                main
 .text.SystemClock_Config
                0x0000000008000948       0xbc ./Core/Src/main.o
                0x0000000008000948                SystemClock_Config
 .text.MX_I2C1_Init
                0x0000000008000a04       0x5c ./Core/Src/main.o
 .text.MX_USART2_UART_Init
                0x0000000008000a60       0x58 ./Core/Src/main.o
 .text.MX_GPIO_Init
                0x0000000008000ab8       0xa4 ./Core/Src/main.o
 .text.Error_Handler
                0x0000000008000b5c        0xa ./Core/Src/main.o
                0x0000000008000b5c                Error_Handler
 *fill*         0x0000000008000b66        0x2 
 .text.HAL_MspInit
                0x0000000008000b68       0x50 ./Core/Src/stm32f4xx_hal_msp.o
                0x0000000008000b68                HAL_MspInit
 .text.HAL_I2C_MspInit
                0x0000000008000bb8       0x90 ./Core/Src/stm32f4xx_hal_msp.o
                0x0000000008000bb8                HAL_I2C_MspInit
 .text.HAL_UART_MspInit
                0x0000000008000c48       0x90 ./Core/Src/stm32f4xx_hal_msp.o
                0x0000000008000c48                HAL_UART_MspInit
 .text.NMI_Handler
                0x0000000008000cd8        0x6 ./Core/Src/stm32f4xx_it.o
                0x0000000008000cd8                NMI_Handler
 .text.HardFault_Handler
                0x0000000008000cde        0x6 ./Core/Src/stm32f4xx_it.o
                0x0000000008000cde                HardFault_Handler
 .text.MemManage_Handler
                0x0000000008000ce4        0x6 ./Core/Src/stm32f4xx_it.o
                0x0000000008000ce4                MemManage_Handler
 .text.BusFault_Handler
                0x0000000008000cea        0x6 ./Core/Src/stm32f4xx_it.o
                0x0000000008000cea                BusFault_Handler
 .text.UsageFault_Handler
                0x0000000008000cf0        0x6 ./Core/Src/stm32f4xx_it.o
                0x0000000008000cf0                UsageFault_Handler
 .text.SVC_Handler
                0x0000000008000cf6        0xe ./Core/Src/stm32f4xx_it.o
                0x0000000008000cf6                SVC_Handler
 .text.DebugMon_Handler
                0x0000000008000d04        0xe ./Core/Src/stm32f4xx_it.o
                0x0000000008000d04                DebugMon_Handler
 .text.PendSV_Handler
                0x0000000008000d12        0xe ./Core/Src/stm32f4xx_it.o
                0x0000000008000d12                PendSV_Handler
 .text.SysTick_Handler
                0x0000000008000d20        0xc ./Core/Src/stm32f4xx_it.o
                0x0000000008000d20                SysTick_Handler
 .text.SystemInit
                0x0000000008000d2c       0x24 ./Core/Src/system_stm32f4xx.o
                0x0000000008000d2c                SystemInit
 .text.Reset_Handler
                0x0000000008000d50       0x50 ./Core/Startup/startup_stm32f407vgtx.o
                0x0000000008000d50                Reset_Handler
 .text.Default_Handler
                0x0000000008000da0        0x2 ./Core/Startup/startup_stm32f407vgtx.o
                0x0000000008000da0                RTC_Alarm_IRQHandler
                0x0000000008000da0                HASH_RNG_IRQHandler
                0x0000000008000da0                EXTI2_IRQHandler
                0x0000000008000da0                TIM8_CC_IRQHandler
                0x0000000008000da0                TIM1_CC_IRQHandler
                0x0000000008000da0                DMA2_Stream5_IRQHandler
                0x0000000008000da0                DMA1_Stream5_IRQHandler
                0x0000000008000da0                PVD_IRQHandler
                0x0000000008000da0                SDIO_IRQHandler
                0x0000000008000da0                TAMP_STAMP_IRQHandler
                0x0000000008000da0                CAN2_RX1_IRQHandler
                0x0000000008000da0                EXTI3_IRQHandler
                0x0000000008000da0                TIM8_TRG_COM_TIM14_IRQHandler
                0x0000000008000da0                TIM1_UP_TIM10_IRQHandler
                0x0000000008000da0                TIM8_UP_TIM13_IRQHandler
                0x0000000008000da0                I2C3_ER_IRQHandler
                0x0000000008000da0                EXTI0_IRQHandler
                0x0000000008000da0                I2C2_EV_IRQHandler
                0x0000000008000da0                DMA1_Stream2_IRQHandler
                0x0000000008000da0                CAN1_RX0_IRQHandler
                0x0000000008000da0                FPU_IRQHandler
                0x0000000008000da0                OTG_HS_WKUP_IRQHandler
                0x0000000008000da0                CAN2_SCE_IRQHandler
                0x0000000008000da0                DMA2_Stream2_IRQHandler
                0x0000000008000da0                SPI1_IRQHandler
                0x0000000008000da0                TIM6_DAC_IRQHandler
                0x0000000008000da0                TIM1_BRK_TIM9_IRQHandler
                0x0000000008000da0                DCMI_IRQHandler
                0x0000000008000da0                CAN2_RX0_IRQHandler
                0x0000000008000da0                DMA2_Stream3_IRQHandler
                0x0000000008000da0                USART6_IRQHandler
                0x0000000008000da0                USART3_IRQHandler
                0x0000000008000da0                CAN1_RX1_IRQHandler
                0x0000000008000da0                UART5_IRQHandler
                0x0000000008000da0                DMA2_Stream0_IRQHandler
                0x0000000008000da0                TIM4_IRQHandler
                0x0000000008000da0                I2C1_EV_IRQHandler
                0x0000000008000da0                DMA1_Stream6_IRQHandler
                0x0000000008000da0                DMA1_Stream1_IRQHandler
                0x0000000008000da0                UART4_IRQHandler
                0x0000000008000da0                TIM3_IRQHandler
                0x0000000008000da0                RCC_IRQHandler
                0x0000000008000da0                TIM8_BRK_TIM12_IRQHandler
                0x0000000008000da0                Default_Handler
                0x0000000008000da0                EXTI15_10_IRQHandler
                0x0000000008000da0                ADC_IRQHandler
                0x0000000008000da0                DMA1_Stream7_IRQHandler
                0x0000000008000da0                TIM7_IRQHandler
                0x0000000008000da0                CAN2_TX_IRQHandler
                0x0000000008000da0                TIM5_IRQHandler
                0x0000000008000da0                DMA2_Stream7_IRQHandler
                0x0000000008000da0                I2C3_EV_IRQHandler
                0x0000000008000da0                EXTI9_5_IRQHandler
                0x0000000008000da0                RTC_WKUP_IRQHandler
                0x0000000008000da0                ETH_WKUP_IRQHandler
                0x0000000008000da0                SPI2_IRQHandler
                0x0000000008000da0                OTG_HS_EP1_IN_IRQHandler
                0x0000000008000da0                DMA1_Stream0_IRQHandler
                0x0000000008000da0                CAN1_TX_IRQHandler
                0x0000000008000da0                EXTI4_IRQHandler
                0x0000000008000da0                FSMC_IRQHandler
                0x0000000008000da0                ETH_IRQHandler
                0x0000000008000da0                OTG_HS_EP1_OUT_IRQHandler
                0x0000000008000da0                WWDG_IRQHandler
                0x0000000008000da0                TIM2_IRQHandler
                0x0000000008000da0                OTG_FS_WKUP_IRQHandler
                0x0000000008000da0                TIM1_TRG_COM_TIM11_IRQHandler
                0x0000000008000da0                OTG_HS_IRQHandler
                0x0000000008000da0                EXTI1_IRQHandler
                0x0000000008000da0                USART2_IRQHandler
                0x0000000008000da0                I2C2_ER_IRQHandler
                0x0000000008000da0                DMA2_Stream1_IRQHandler
                0x0000000008000da0                CAN1_SCE_IRQHandler
                0x0000000008000da0                FLASH_IRQHandler
                0x0000000008000da0                DMA2_Stream4_IRQHandler
                0x0000000008000da0                USART1_IRQHandler
                0x0000000008000da0                OTG_FS_IRQHandler
                0x0000000008000da0                SPI3_IRQHandler
                0x0000000008000da0                DMA1_Stream4_IRQHandler
                0x0000000008000da0                I2C1_ER_IRQHandler
                0x0000000008000da0                DMA2_Stream6_IRQHandler
                0x0000000008000da0                DMA1_Stream3_IRQHandler
 *fill*         0x0000000008000da2        0x2 
 .text.HAL_Init
                0x0000000008000da4       0x44 ./Drivers/STM32F4xx_HAL_Driver/Src/stm32f4xx_hal.o
                0x0000000008000da4                HAL_Init
 .text.HAL_InitTick
                0x0000000008000de8       0x60 ./Drivers/STM32F4xx_HAL_Driver/Src/stm32f4xx_hal.o
                0x0000000008000de8                HAL_InitTick
 .text.HAL_IncTick
                0x0000000008000e48       0x28 ./Drivers/STM32F4xx_HAL_Driver/Src/stm32f4xx_hal.o
                0x0000000008000e48                HAL_IncTick
 .text.HAL_GetTick
                0x0000000008000e70       0x18 ./Drivers/STM32F4xx_HAL_Driver/Src/stm32f4xx_hal.o
                0x0000000008000e70                HAL_GetTick
 .text.HAL_Delay
                0x0000000008000e88       0x48 ./Drivers/STM32F4xx_HAL_Driver/Src/stm32f4xx_hal.o
                0x0000000008000e88                HAL_Delay
 .text.__NVIC_SetPriorityGrouping
                0x0000000008000ed0       0x48 ./Drivers/STM32F4xx_HAL_Driver/Src/stm32f4xx_hal_cortex.o
 .text.__NVIC_GetPriorityGrouping
                0x0000000008000f18       0x1c ./Drivers/STM32F4xx_HAL_Driver/Src/stm32f4xx_hal_cortex.o
 .text.__NVIC_SetPriority
                0x0000000008000f34       0x54 ./Drivers/STM32F4xx_HAL_Driver/Src/stm32f4xx_hal_cortex.o
 .text.NVIC_EncodePriority
                0x0000000008000f88       0x66 ./Drivers/STM32F4xx_HAL_Driver/Src/stm32f4xx_hal_cortex.o
 *fill*         0x0000000008000fee        0x2 
 .text.SysTick_Config
                0x0000000008000ff0       0x44 ./Drivers/STM32F4xx_HAL_Driver/Src/stm32f4xx_hal_cortex.o
 .text.HAL_NVIC_SetPriorityGrouping
                0x0000000008001034       0x16 ./Drivers/STM32F4xx_HAL_Driver/Src/stm32f4xx_hal_cortex.o
                0x0000000008001034                HAL_NVIC_SetPriorityGrouping
 .text.HAL_NVIC_SetPriority
                0x000000000800104a       0x38 ./Drivers/STM32F4xx_HAL_Driver/Src/stm32f4xx_hal_cortex.o
                0x000000000800104a                HAL_NVIC_SetPriority
 .text.HAL_SYSTICK_Config
                0x0000000008001082       0x18 ./Drivers/STM32F4xx_HAL_Driver/Src/stm32f4xx_hal_cortex.o
                0x0000000008001082                HAL_SYSTICK_Config
 *fill*         0x000000000800109a        0x2 
 .text.HAL_GPIO_Init
                0x000000000800109c      0x338 ./Drivers/STM32F4xx_HAL_Driver/Src/stm32f4xx_hal_gpio.o
                0x000000000800109c                HAL_GPIO_Init
 .text.HAL_GPIO_WritePin
                0x00000000080013d4       0x32 ./Drivers/STM32F4xx_HAL_Driver/Src/stm32f4xx_hal_gpio.o
                0x00000000080013d4                HAL_GPIO_WritePin
 .text.HAL_GPIO_TogglePin
                0x0000000008001406       0x34 ./Drivers/STM32F4xx_HAL_Driver/Src/stm32f4xx_hal_gpio.o
                0x0000000008001406                HAL_GPIO_TogglePin
 *fill*         0x000000000800143a        0x2 
 .text.HAL_I2C_Init
                0x000000000800143c      0x288 ./Drivers/STM32F4xx_HAL_Driver/Src/stm32f4xx_hal_i2c.o
                0x000000000800143c                HAL_I2C_Init
 .text.HAL_I2C_Master_Transmit
                0x00000000080016c4      0x1fc ./Drivers/STM32F4xx_HAL_Driver/Src/stm32f4xx_hal_i2c.o
                0x00000000080016c4                HAL_I2C_Master_Transmit
 .text.HAL_I2C_Master_Receive
                0x00000000080018c0      0x44c ./Drivers/STM32F4xx_HAL_Driver/Src/stm32f4xx_hal_i2c.o
                0x00000000080018c0                HAL_I2C_Master_Receive
 .text.I2C_MasterRequestWrite
                0x0000000008001d0c      0x104 ./Drivers/STM32F4xx_HAL_Driver/Src/stm32f4xx_hal_i2c.o
 .text.I2C_MasterRequestRead
                0x0000000008001e10      0x19c ./Drivers/STM32F4xx_HAL_Driver/Src/stm32f4xx_hal_i2c.o
 .text.I2C_WaitOnFlagUntilTimeout
                0x0000000008001fac       0xae ./Drivers/STM32F4xx_HAL_Driver/Src/stm32f4xx_hal_i2c.o
 .text.I2C_WaitOnMasterAddressFlagUntilTimeout
                0x000000000800205a       0xfe ./Drivers/STM32F4xx_HAL_Driver/Src/stm32f4xx_hal_i2c.o
 .text.I2C_WaitOnTXEFlagUntilTimeout
                0x0000000008002158       0x82 ./Drivers/STM32F4xx_HAL_Driver/Src/stm32f4xx_hal_i2c.o
 .text.I2C_WaitOnBTFFlagUntilTimeout
                0x00000000080021da       0x82 ./Drivers/STM32F4xx_HAL_Driver/Src/stm32f4xx_hal_i2c.o
 .text.I2C_WaitOnRXNEFlagUntilTimeout
                0x000000000800225c       0xac ./Drivers/STM32F4xx_HAL_Driver/Src/stm32f4xx_hal_i2c.o
 .text.I2C_IsAcknowledgeFailed
                0x0000000008002308       0x5e ./Drivers/STM32F4xx_HAL_Driver/Src/stm32f4xx_hal_i2c.o
 *fill*         0x0000000008002366        0x2 
 .text.HAL_RCC_OscConfig
                0x0000000008002368      0x4f0 ./Drivers/STM32F4xx_HAL_Driver/Src/stm32f4xx_hal_rcc.o
                0x0000000008002368                HAL_RCC_OscConfig
 .text.HAL_RCC_ClockConfig
                0x0000000008002858      0x1cc ./Drivers/STM32F4xx_HAL_Driver/Src/stm32f4xx_hal_rcc.o
                0x0000000008002858                HAL_RCC_ClockConfig
 .text.HAL_RCC_GetSysClockFreq
                0x0000000008002a24      0x16c ./Drivers/STM32F4xx_HAL_Driver/Src/stm32f4xx_hal_rcc.o
                0x0000000008002a24                HAL_RCC_GetSysClockFreq
 .text.HAL_RCC_GetHCLKFreq
                0x0000000008002b90       0x18 ./Drivers/STM32F4xx_HAL_Driver/Src/stm32f4xx_hal_rcc.o
                0x0000000008002b90                HAL_RCC_GetHCLKFreq
 .text.HAL_RCC_GetPCLK1Freq
                0x0000000008002ba8       0x28 ./Drivers/STM32F4xx_HAL_Driver/Src/stm32f4xx_hal_rcc.o
                0x0000000008002ba8                HAL_RCC_GetPCLK1Freq
 .text.HAL_RCC_GetPCLK2Freq
                0x0000000008002bd0       0x28 ./Drivers/STM32F4xx_HAL_Driver/Src/stm32f4xx_hal_rcc.o
                0x0000000008002bd0                HAL_RCC_GetPCLK2Freq
 .text.HAL_MultiProcessor_Init
                0x0000000008002bf8       0xe0 ./Drivers/STM32F4xx_HAL_Driver/Src/stm32f4xx_hal_uart.o
                0x0000000008002bf8                HAL_MultiProcessor_Init
 .text.UART_SetConfig
                0x0000000008002cd8      0x390 ./Drivers/STM32F4xx_HAL_Driver/Src/stm32f4xx_hal_uart.o
 .text.__libc_init_array
                0x0000000008003068       0x48 c:/st/stm32cubeide_1.6.1/stm32cubeide/plugins/com.st.stm32cube.ide.mcu.externaltools.gnu-tools-for-stm32.9-2020-q2-update.win32_2.0.0.202105311346/tools/bin/../lib/gcc/arm-none-eabi/9.3.1/../../../../arm-none-eabi/lib/thumb/v7e-m+fp/hard\libc_nano.a(lib_a-init.o)
                0x0000000008003068                __libc_init_array
 .text.memcpy   0x00000000080030b0       0x1c c:/st/stm32cubeide_1.6.1/stm32cubeide/plugins/com.st.stm32cube.ide.mcu.externaltools.gnu-tools-for-stm32.9-2020-q2-update.win32_2.0.0.202105311346/tools/bin/../lib/gcc/arm-none-eabi/9.3.1/../../../../arm-none-eabi/lib/thumb/v7e-m+fp/hard\libc_nano.a(lib_a-memcpy-stub.o)
                0x00000000080030b0                memcpy
 .text.memset   0x00000000080030cc       0x10 c:/st/stm32cubeide_1.6.1/stm32cubeide/plugins/com.st.stm32cube.ide.mcu.externaltools.gnu-tools-for-stm32.9-2020-q2-update.win32_2.0.0.202105311346/tools/bin/../lib/gcc/arm-none-eabi/9.3.1/../../../../arm-none-eabi/lib/thumb/v7e-m+fp/hard\libc_nano.a(lib_a-memset.o)
                0x00000000080030cc                memset
 *(.glue_7)
 .glue_7        0x00000000080030dc        0x0 linker stubs
 *(.glue_7t)
 .glue_7t       0x00000000080030dc        0x0 linker stubs
 *(.eh_frame)
 .eh_frame      0x00000000080030dc        0x0 c:/st/stm32cubeide_1.6.1/stm32cubeide/plugins/com.st.stm32cube.ide.mcu.externaltools.gnu-tools-for-stm32.9-2020-q2-update.win32_2.0.0.202105311346/tools/bin/../lib/gcc/arm-none-eabi/9.3.1/thumb/v7e-m+fp/hard/crtbegin.o
 *(.init)
 .init          0x00000000080030dc        0x4 c:/st/stm32cubeide_1.6.1/stm32cubeide/plugins/com.st.stm32cube.ide.mcu.externaltools.gnu-tools-for-stm32.9-2020-q2-update.win32_2.0.0.202105311346/tools/bin/../lib/gcc/arm-none-eabi/9.3.1/thumb/v7e-m+fp/hard/crti.o
                0x00000000080030dc                _init
 .init          0x00000000080030e0        0x8 c:/st/stm32cubeide_1.6.1/stm32cubeide/plugins/com.st.stm32cube.ide.mcu.externaltools.gnu-tools-for-stm32.9-2020-q2-update.win32_2.0.0.202105311346/tools/bin/../lib/gcc/arm-none-eabi/9.3.1/thumb/v7e-m+fp/hard/crtn.o
 *(.fini)
 .fini          0x00000000080030e8        0x4 c:/st/stm32cubeide_1.6.1/stm32cubeide/plugins/com.st.stm32cube.ide.mcu.externaltools.gnu-tools-for-stm32.9-2020-q2-update.win32_2.0.0.202105311346/tools/bin/../lib/gcc/arm-none-eabi/9.3.1/thumb/v7e-m+fp/hard/crti.o
                0x00000000080030e8                _fini
 .fini          0x00000000080030ec        0x8 c:/st/stm32cubeide_1.6.1/stm32cubeide/plugins/com.st.stm32cube.ide.mcu.externaltools.gnu-tools-for-stm32.9-2020-q2-update.win32_2.0.0.202105311346/tools/bin/../lib/gcc/arm-none-eabi/9.3.1/thumb/v7e-m+fp/hard/crtn.o
                0x00000000080030f4                . = ALIGN (0x4)
                0x00000000080030f4                _etext = .

.vfp11_veneer   0x00000000080030f4        0x0
 .vfp11_veneer  0x00000000080030f4        0x0 linker stubs

.v4_bx          0x00000000080030f4        0x0
 .v4_bx         0x00000000080030f4        0x0 linker stubs

.iplt           0x00000000080030f4        0x0
 .iplt          0x00000000080030f4        0x0 c:/st/stm32cubeide_1.6.1/stm32cubeide/plugins/com.st.stm32cube.ide.mcu.externaltools.gnu-tools-for-stm32.9-2020-q2-update.win32_2.0.0.202105311346/tools/bin/../lib/gcc/arm-none-eabi/9.3.1/thumb/v7e-m+fp/hard/crtbegin.o

.rodata         0x00000000080030f4       0x18
                0x00000000080030f4                . = ALIGN (0x4)
 *(.rodata)
 *(.rodata*)
 .rodata.AHBPrescTable
                0x00000000080030f4       0x10 ./Core/Src/system_stm32f4xx.o
                0x00000000080030f4                AHBPrescTable
 .rodata.APBPrescTable
                0x0000000008003104        0x8 ./Core/Src/system_stm32f4xx.o
                0x0000000008003104                APBPrescTable
                0x000000000800310c                . = ALIGN (0x4)

.ARM.extab      0x000000000800310c        0x0
                0x000000000800310c                . = ALIGN (0x4)
 *(.ARM.extab* .gnu.linkonce.armextab.*)
                0x000000000800310c                . = ALIGN (0x4)

.ARM            0x000000000800310c        0x8
                0x000000000800310c                . = ALIGN (0x4)
                0x000000000800310c                __exidx_start = .
 *(.ARM.exidx*)
 .ARM.exidx     0x000000000800310c        0x8 c:/st/stm32cubeide_1.6.1/stm32cubeide/plugins/com.st.stm32cube.ide.mcu.externaltools.gnu-tools-for-stm32.9-2020-q2-update.win32_2.0.0.202105311346/tools/bin/../lib/gcc/arm-none-eabi/9.3.1/thumb/v7e-m+fp/hard\libgcc.a(_udivmoddi4.o)
                0x0000000008003114                __exidx_end = .
                0x0000000008003114                . = ALIGN (0x4)

.rel.dyn        0x0000000008003114        0x0
 .rel.iplt      0x0000000008003114        0x0 c:/st/stm32cubeide_1.6.1/stm32cubeide/plugins/com.st.stm32cube.ide.mcu.externaltools.gnu-tools-for-stm32.9-2020-q2-update.win32_2.0.0.202105311346/tools/bin/../lib/gcc/arm-none-eabi/9.3.1/thumb/v7e-m+fp/hard/crtbegin.o

.preinit_array  0x0000000008003114        0x0
                0x0000000008003114                . = ALIGN (0x4)
                0x0000000008003114                PROVIDE (__preinit_array_start = .)
 *(.preinit_array*)
                0x0000000008003114                PROVIDE (__preinit_array_end = .)
                0x0000000008003114                . = ALIGN (0x4)

.init_array     0x0000000008003114        0x4
                0x0000000008003114                . = ALIGN (0x4)
                0x0000000008003114                PROVIDE (__init_array_start = .)
 *(SORT_BY_NAME(.init_array.*))
 *(.init_array*)
 .init_array    0x0000000008003114        0x4 c:/st/stm32cubeide_1.6.1/stm32cubeide/plugins/com.st.stm32cube.ide.mcu.externaltools.gnu-tools-for-stm32.9-2020-q2-update.win32_2.0.0.202105311346/tools/bin/../lib/gcc/arm-none-eabi/9.3.1/thumb/v7e-m+fp/hard/crtbegin.o
                0x0000000008003118                PROVIDE (__init_array_end = .)
                0x0000000008003118                . = ALIGN (0x4)

.fini_array     0x0000000008003118        0x4
                0x0000000008003118                . = ALIGN (0x4)
                [!provide]                        PROVIDE (__fini_array_start = .)
 *(SORT_BY_NAME(.fini_array.*))
 *(.fini_array*)
 .fini_array    0x0000000008003118        0x4 c:/st/stm32cubeide_1.6.1/stm32cubeide/plugins/com.st.stm32cube.ide.mcu.externaltools.gnu-tools-for-stm32.9-2020-q2-update.win32_2.0.0.202105311346/tools/bin/../lib/gcc/arm-none-eabi/9.3.1/thumb/v7e-m+fp/hard/crtbegin.o
                [!provide]                        PROVIDE (__fini_array_end = .)
                0x000000000800311c                . = ALIGN (0x4)
                0x000000000800311c                _sidata = LOADADDR (.data)

.data           0x0000000020000000        0xc load address 0x000000000800311c
                0x0000000020000000                . = ALIGN (0x4)
                0x0000000020000000                _sdata = .
 *(.data)
 *(.data*)
 .data.SystemCoreClock
                0x0000000020000000        0x4 ./Core/Src/system_stm32f4xx.o
                0x0000000020000000                SystemCoreClock
 .data.uwTickPrio
                0x0000000020000004        0x4 ./Drivers/STM32F4xx_HAL_Driver/Src/stm32f4xx_hal.o
                0x0000000020000004                uwTickPrio
 .data.uwTickFreq
                0x0000000020000008        0x1 ./Drivers/STM32F4xx_HAL_Driver/Src/stm32f4xx_hal.o
                0x0000000020000008                uwTickFreq
 *(.RamFunc)
 *(.RamFunc*)
                0x000000002000000c                . = ALIGN (0x4)
 *fill*         0x0000000020000009        0x3 
                0x000000002000000c                _edata = .
                0x0000000008003128                _siccmram = LOADADDR (.ccmram)

.igot.plt       0x000000002000000c        0x0 load address 0x0000000008003128
 .igot.plt      0x000000002000000c        0x0 c:/st/stm32cubeide_1.6.1/stm32cubeide/plugins/com.st.stm32cube.ide.mcu.externaltools.gnu-tools-for-stm32.9-2020-q2-update.win32_2.0.0.202105311346/tools/bin/../lib/gcc/arm-none-eabi/9.3.1/thumb/v7e-m+fp/hard/crtbegin.o

.ccmram         0x0000000010000000        0x0 load address 0x0000000008003128
                0x0000000010000000                . = ALIGN (0x4)
                0x0000000010000000                _sccmram = .
 *(.ccmram)
 *(.ccmram*)
                0x0000000010000000                . = ALIGN (0x4)
                0x0000000010000000                _eccmram = .
                0x0000000010000000                . = ALIGN (0x4)

.bss            0x000000002000000c      0x144
                0x000000002000000c                _sbss = .
                0x000000002000000c                __bss_start__ = _sbss
 *(.bss)
 .bss           0x000000002000000c       0x1c c:/st/stm32cubeide_1.6.1/stm32cubeide/plugins/com.st.stm32cube.ide.mcu.externaltools.gnu-tools-for-stm32.9-2020-q2-update.win32_2.0.0.202105311346/tools/bin/../lib/gcc/arm-none-eabi/9.3.1/thumb/v7e-m+fp/hard/crtbegin.o
 *(.bss*)
 .bss.i2cHandler
                0x0000000020000028       0x54 ./Core/Src/TJ_MPU6050.o
 .bss.accelScalingFactor
                0x000000002000007c        0x4 ./Core/Src/TJ_MPU6050.o
 .bss.gyroScalingFactor
                0x0000000020000080        0x4 ./Core/Src/TJ_MPU6050.o
 .bss.GyroRW    0x0000000020000084        0x6 ./Core/Src/TJ_MPU6050.o
 *(COMMON)
 *fill*         0x000000002000008a        0x2 
 COMMON         0x000000002000008c       0xbe ./Core/Src/main.o
                0x000000002000008c                hi2c1
                0x00000000200000e0                myGyroRaw
                0x00000000200000e8                myAccelScaled
                0x00000000200000f4                huart2
                0x0000000020000138                myGyroScaled
                0x0000000020000144                myAccelRaw
 *fill*         0x000000002000014a        0x2 
 COMMON         0x000000002000014c        0x4 ./Drivers/STM32F4xx_HAL_Driver/Src/stm32f4xx_hal.o
                0x000000002000014c                uwTick
                0x0000000020000150                . = ALIGN (0x4)
                0x0000000020000150                _ebss = .
                0x0000000020000150                __bss_end__ = _ebss

._user_heap_stack
                0x0000000020000150      0x600
                0x0000000020000150                . = ALIGN (0x8)
                [!provide]                        PROVIDE (end = .)
                0x0000000020000150                PROVIDE (_end = .)
                0x0000000020000350                . = (. + _Min_Heap_Size)
 *fill*         0x0000000020000150      0x200 
                0x0000000020000750                . = (. + _Min_Stack_Size)
 *fill*         0x0000000020000350      0x400 
                0x0000000020000750                . = ALIGN (0x8)

/DISCARD/
 libc.a(*)
 libm.a(*)
 libgcc.a(*)

.ARM.attributes
                0x0000000000000000       0x30
 *(.ARM.attributes)
 .ARM.attributes
                0x0000000000000000       0x1e c:/st/stm32cubeide_1.6.1/stm32cubeide/plugins/com.st.stm32cube.ide.mcu.externaltools.gnu-tools-for-stm32.9-2020-q2-update.win32_2.0.0.202105311346/tools/bin/../lib/gcc/arm-none-eabi/9.3.1/thumb/v7e-m+fp/hard/crti.o
 .ARM.attributes
                0x000000000000001e       0x34 c:/st/stm32cubeide_1.6.1/stm32cubeide/plugins/com.st.stm32cube.ide.mcu.externaltools.gnu-tools-for-stm32.9-2020-q2-update.win32_2.0.0.202105311346/tools/bin/../lib/gcc/arm-none-eabi/9.3.1/thumb/v7e-m+fp/hard/crtbegin.o
 .ARM.attributes
                0x0000000000000052       0x34 ./Core/Src/TJ_MPU6050.o
 .ARM.attributes
                0x0000000000000086       0x34 ./Core/Src/main.o
 .ARM.attributes
                0x00000000000000ba       0x34 ./Core/Src/stm32f4xx_hal_msp.o
 .ARM.attributes
                0x00000000000000ee       0x34 ./Core/Src/stm32f4xx_it.o
 .ARM.attributes
                0x0000000000000122       0x34 ./Core/Src/system_stm32f4xx.o
 .ARM.attributes
                0x0000000000000156       0x21 ./Core/Startup/startup_stm32f407vgtx.o
 .ARM.attributes
                0x0000000000000177       0x34 ./Drivers/STM32F4xx_HAL_Driver/Src/stm32f4xx_hal.o
 .ARM.attributes
                0x00000000000001ab       0x34 ./Drivers/STM32F4xx_HAL_Driver/Src/stm32f4xx_hal_cortex.o
 .ARM.attributes
                0x00000000000001df       0x34 ./Drivers/STM32F4xx_HAL_Driver/Src/stm32f4xx_hal_gpio.o
 .ARM.attributes
                0x0000000000000213       0x34 ./Drivers/STM32F4xx_HAL_Driver/Src/stm32f4xx_hal_i2c.o
 .ARM.attributes
                0x0000000000000247       0x34 ./Drivers/STM32F4xx_HAL_Driver/Src/stm32f4xx_hal_rcc.o
 .ARM.attributes
                0x000000000000027b       0x34 ./Drivers/STM32F4xx_HAL_Driver/Src/stm32f4xx_hal_uart.o
 .ARM.attributes
                0x00000000000002af       0x34 c:/st/stm32cubeide_1.6.1/stm32cubeide/plugins/com.st.stm32cube.ide.mcu.externaltools.gnu-tools-for-stm32.9-2020-q2-update.win32_2.0.0.202105311346/tools/bin/../lib/gcc/arm-none-eabi/9.3.1/../../../../arm-none-eabi/lib/thumb/v7e-m+fp/hard\libc_nano.a(lib_a-init.o)
 .ARM.attributes
                0x00000000000002e3       0x34 c:/st/stm32cubeide_1.6.1/stm32cubeide/plugins/com.st.stm32cube.ide.mcu.externaltools.gnu-tools-for-stm32.9-2020-q2-update.win32_2.0.0.202105311346/tools/bin/../lib/gcc/arm-none-eabi/9.3.1/../../../../arm-none-eabi/lib/thumb/v7e-m+fp/hard\libc_nano.a(lib_a-memcpy-stub.o)
 .ARM.attributes
                0x0000000000000317       0x34 c:/st/stm32cubeide_1.6.1/stm32cubeide/plugins/com.st.stm32cube.ide.mcu.externaltools.gnu-tools-for-stm32.9-2020-q2-update.win32_2.0.0.202105311346/tools/bin/../lib/gcc/arm-none-eabi/9.3.1/../../../../arm-none-eabi/lib/thumb/v7e-m+fp/hard\libc_nano.a(lib_a-memset.o)
 .ARM.attributes
                0x000000000000034b       0x1e c:/st/stm32cubeide_1.6.1/stm32cubeide/plugins/com.st.stm32cube.ide.mcu.externaltools.gnu-tools-for-stm32.9-2020-q2-update.win32_2.0.0.202105311346/tools/bin/../lib/gcc/arm-none-eabi/9.3.1/thumb/v7e-m+fp/hard\libgcc.a(_aeabi_uldivmod.o)
 .ARM.attributes
                0x0000000000000369       0x34 c:/st/stm32cubeide_1.6.1/stm32cubeide/plugins/com.st.stm32cube.ide.mcu.externaltools.gnu-tools-for-stm32.9-2020-q2-update.win32_2.0.0.202105311346/tools/bin/../lib/gcc/arm-none-eabi/9.3.1/thumb/v7e-m+fp/hard\libgcc.a(_udivmoddi4.o)
 .ARM.attributes
                0x000000000000039d       0x1e c:/st/stm32cubeide_1.6.1/stm32cubeide/plugins/com.st.stm32cube.ide.mcu.externaltools.gnu-tools-for-stm32.9-2020-q2-update.win32_2.0.0.202105311346/tools/bin/../lib/gcc/arm-none-eabi/9.3.1/thumb/v7e-m+fp/hard\libgcc.a(_dvmd_tls.o)
 .ARM.attributes
                0x00000000000003bb       0x1e c:/st/stm32cubeide_1.6.1/stm32cubeide/plugins/com.st.stm32cube.ide.mcu.externaltools.gnu-tools-for-stm32.9-2020-q2-update.win32_2.0.0.202105311346/tools/bin/../lib/gcc/arm-none-eabi/9.3.1/thumb/v7e-m+fp/hard/crtn.o
OUTPUT(EXAMPLE_HAL_MPU6050.elf elf32-littlearm)
LOAD linker stubs
LOAD c:/st/stm32cubeide_1.6.1/stm32cubeide/plugins/com.st.stm32cube.ide.mcu.externaltools.gnu-tools-for-stm32.9-2020-q2-update.win32_2.0.0.202105311346/tools/bin/../lib/gcc/arm-none-eabi/9.3.1/../../../../arm-none-eabi/lib/thumb/v7e-m+fp/hard\libc.a
LOAD c:/st/stm32cubeide_1.6.1/stm32cubeide/plugins/com.st.stm32cube.ide.mcu.externaltools.gnu-tools-for-stm32.9-2020-q2-update.win32_2.0.0.202105311346/tools/bin/../lib/gcc/arm-none-eabi/9.3.1/../../../../arm-none-eabi/lib/thumb/v7e-m+fp/hard\libm.a
LOAD c:/st/stm32cubeide_1.6.1/stm32cubeide/plugins/com.st.stm32cube.ide.mcu.externaltools.gnu-tools-for-stm32.9-2020-q2-update.win32_2.0.0.202105311346/tools/bin/../lib/gcc/arm-none-eabi/9.3.1/thumb/v7e-m+fp/hard\libgcc.a

.debug_info     0x0000000000000000     0xc696
 .debug_info    0x0000000000000000     0x152c ./Core/Src/TJ_MPU6050.o
 .debug_info    0x000000000000152c     0x19c3 ./Core/Src/main.o
 .debug_info    0x0000000000002eef      0xd37 ./Core/Src/stm32f4xx_hal_msp.o
 .debug_info    0x0000000000003c26      0x222 ./Core/Src/stm32f4xx_it.o
 .debug_info    0x0000000000003e48      0x5a4 ./Core/Src/system_stm32f4xx.o
 .debug_info    0x00000000000043ec       0x22 ./Core/Startup/startup_stm32f407vgtx.o
 .debug_info    0x000000000000440e      0x9b2 ./Drivers/STM32F4xx_HAL_Driver/Src/stm32f4xx_hal.o
 .debug_info    0x0000000000004dc0      0xed7 ./Drivers/STM32F4xx_HAL_Driver/Src/stm32f4xx_hal_cortex.o
 .debug_info    0x0000000000005c97      0x83e ./Drivers/STM32F4xx_HAL_Driver/Src/stm32f4xx_hal_gpio.o
 .debug_info    0x00000000000064d5     0x264d ./Drivers/STM32F4xx_HAL_Driver/Src/stm32f4xx_hal_i2c.o
 .debug_info    0x0000000000008b22      0x996 ./Drivers/STM32F4xx_HAL_Driver/Src/stm32f4xx_hal_rcc.o
 .debug_info    0x00000000000094b8     0x31de ./Drivers/STM32F4xx_HAL_Driver/Src/stm32f4xx_hal_uart.o

.debug_abbrev   0x0000000000000000     0x17e9
 .debug_abbrev  0x0000000000000000      0x257 ./Core/Src/TJ_MPU6050.o
 .debug_abbrev  0x0000000000000257      0x2c1 ./Core/Src/main.o
 .debug_abbrev  0x0000000000000518      0x1ac ./Core/Src/stm32f4xx_hal_msp.o
 .debug_abbrev  0x00000000000006c4       0xd2 ./Core/Src/stm32f4xx_it.o
 .debug_abbrev  0x0000000000000796      0x145 ./Core/Src/system_stm32f4xx.o
 .debug_abbrev  0x00000000000008db       0x12 ./Core/Startup/startup_stm32f407vgtx.o
 .debug_abbrev  0x00000000000008ed      0x1ed ./Drivers/STM32F4xx_HAL_Driver/Src/stm32f4xx_hal.o
 .debug_abbrev  0x0000000000000ada      0x33c ./Drivers/STM32F4xx_HAL_Driver/Src/stm32f4xx_hal_cortex.o
 .debug_abbrev  0x0000000000000e16      0x1f1 ./Drivers/STM32F4xx_HAL_Driver/Src/stm32f4xx_hal_gpio.o
 .debug_abbrev  0x0000000000001007      0x282 ./Drivers/STM32F4xx_HAL_Driver/Src/stm32f4xx_hal_i2c.o
 .debug_abbrev  0x0000000000001289      0x275 ./Drivers/STM32F4xx_HAL_Driver/Src/stm32f4xx_hal_rcc.o
 .debug_abbrev  0x00000000000014fe      0x2eb ./Drivers/STM32F4xx_HAL_Driver/Src/stm32f4xx_hal_uart.o

.debug_aranges  0x0000000000000000      0x948
 .debug_aranges
                0x0000000000000000       0x88 ./Core/Src/TJ_MPU6050.o
 .debug_aranges
                0x0000000000000088       0x48 ./Core/Src/main.o
 .debug_aranges
                0x00000000000000d0       0x40 ./Core/Src/stm32f4xx_hal_msp.o
 .debug_aranges
                0x0000000000000110       0x60 ./Core/Src/stm32f4xx_it.o
 .debug_aranges
                0x0000000000000170       0x28 ./Core/Src/system_stm32f4xx.o
 .debug_aranges
                0x0000000000000198       0x28 ./Core/Startup/startup_stm32f407vgtx.o
 .debug_aranges
                0x00000000000001c0       0xf0 ./Drivers/STM32F4xx_HAL_Driver/Src/stm32f4xx_hal.o
 .debug_aranges
                0x00000000000002b0      0x118 ./Drivers/STM32F4xx_HAL_Driver/Src/stm32f4xx_hal_cortex.o
 .debug_aranges
                0x00000000000003c8       0x58 ./Drivers/STM32F4xx_HAL_Driver/Src/stm32f4xx_hal_gpio.o
 .debug_aranges
                0x0000000000000420      0x2a0 ./Drivers/STM32F4xx_HAL_Driver/Src/stm32f4xx_hal_i2c.o
 .debug_aranges
                0x00000000000006c0       0x88 ./Drivers/STM32F4xx_HAL_Driver/Src/stm32f4xx_hal_rcc.o
 .debug_aranges
                0x0000000000000748      0x200 ./Drivers/STM32F4xx_HAL_Driver/Src/stm32f4xx_hal_uart.o

.debug_ranges   0x0000000000000000      0x8e8
 .debug_ranges  0x0000000000000000       0x78 ./Core/Src/TJ_MPU6050.o
 .debug_ranges  0x0000000000000078       0x38 ./Core/Src/main.o
 .debug_ranges  0x00000000000000b0       0x30 ./Core/Src/stm32f4xx_hal_msp.o
 .debug_ranges  0x00000000000000e0       0x50 ./Core/Src/stm32f4xx_it.o
 .debug_ranges  0x0000000000000130       0x18 ./Core/Src/system_stm32f4xx.o
 .debug_ranges  0x0000000000000148       0x20 ./Core/Startup/startup_stm32f407vgtx.o
 .debug_ranges  0x0000000000000168       0xe0 ./Drivers/STM32F4xx_HAL_Driver/Src/stm32f4xx_hal.o
 .debug_ranges  0x0000000000000248      0x108 ./Drivers/STM32F4xx_HAL_Driver/Src/stm32f4xx_hal_cortex.o
 .debug_ranges  0x0000000000000350       0x48 ./Drivers/STM32F4xx_HAL_Driver/Src/stm32f4xx_hal_gpio.o
 .debug_ranges  0x0000000000000398      0x2b8 ./Drivers/STM32F4xx_HAL_Driver/Src/stm32f4xx_hal_i2c.o
 .debug_ranges  0x0000000000000650       0x78 ./Drivers/STM32F4xx_HAL_Driver/Src/stm32f4xx_hal_rcc.o
 .debug_ranges  0x00000000000006c8      0x220 ./Drivers/STM32F4xx_HAL_Driver/Src/stm32f4xx_hal_uart.o

.debug_macro    0x0000000000000000    0x20478
 .debug_macro   0x0000000000000000      0x2c7 ./Core/Src/TJ_MPU6050.o
 .debug_macro   0x00000000000002c7      0xaa8 ./Core/Src/TJ_MPU6050.o
 .debug_macro   0x0000000000000d6f      0x29b ./Core/Src/TJ_MPU6050.o
 .debug_macro   0x000000000000100a       0x2e ./Core/Src/TJ_MPU6050.o
 .debug_macro   0x0000000000001038       0x2f ./Core/Src/TJ_MPU6050.o
 .debug_macro   0x0000000000001067       0x22 ./Core/Src/TJ_MPU6050.o
 .debug_macro   0x0000000000001089       0x8e ./Core/Src/TJ_MPU6050.o
 .debug_macro   0x0000000000001117       0x51 ./Core/Src/TJ_MPU6050.o
 .debug_macro   0x0000000000001168      0x103 ./Core/Src/TJ_MPU6050.o
 .debug_macro   0x000000000000126b       0x6a ./Core/Src/TJ_MPU6050.o
 .debug_macro   0x00000000000012d5      0x1df ./Core/Src/TJ_MPU6050.o
 .debug_macro   0x00000000000014b4       0x1c ./Core/Src/TJ_MPU6050.o
 .debug_macro   0x00000000000014d0       0x22 ./Core/Src/TJ_MPU6050.o
 .debug_macro   0x00000000000014f2       0xdf ./Core/Src/TJ_MPU6050.o
 .debug_macro   0x00000000000015d1     0x102d ./Core/Src/TJ_MPU6050.o
 .debug_macro   0x00000000000025fe      0x11f ./Core/Src/TJ_MPU6050.o
 .debug_macro   0x000000000000271d    0x15e58 ./Core/Src/TJ_MPU6050.o
 .debug_macro   0x0000000000018575       0x6d ./Core/Src/TJ_MPU6050.o
 .debug_macro   0x00000000000185e2     0x3666 ./Core/Src/TJ_MPU6050.o
 .debug_macro   0x000000000001bc48      0x174 ./Core/Src/TJ_MPU6050.o
 .debug_macro   0x000000000001bdbc       0x5c ./Core/Src/TJ_MPU6050.o
 .debug_macro   0x000000000001be18      0x96b ./Core/Src/TJ_MPU6050.o
 .debug_macro   0x000000000001c783      0x9fe ./Core/Src/TJ_MPU6050.o
 .debug_macro   0x000000000001d181      0x116 ./Core/Src/TJ_MPU6050.o
 .debug_macro   0x000000000001d297      0x13e ./Core/Src/TJ_MPU6050.o
 .debug_macro   0x000000000001d3d5       0xa5 ./Core/Src/TJ_MPU6050.o
 .debug_macro   0x000000000001d47a      0x174 ./Core/Src/TJ_MPU6050.o
 .debug_macro   0x000000000001d5ee      0x287 ./Core/Src/TJ_MPU6050.o
 .debug_macro   0x000000000001d875       0x5f ./Core/Src/TJ_MPU6050.o
 .debug_macro   0x000000000001d8d4      0x236 ./Core/Src/TJ_MPU6050.o
 .debug_macro   0x000000000001db0a      0x12c ./Core/Src/TJ_MPU6050.o
 .debug_macro   0x000000000001dc36      0x21e ./Core/Src/TJ_MPU6050.o
 .debug_macro   0x000000000001de54       0x2e ./Core/Src/TJ_MPU6050.o
 .debug_macro   0x000000000001de82      0x1b5 ./Core/Src/TJ_MPU6050.o
 .debug_macro   0x000000000001e037       0xd6 ./Core/Src/TJ_MPU6050.o
 .debug_macro   0x000000000001e10d      0x11a ./Core/Src/TJ_MPU6050.o
 .debug_macro   0x000000000001e227       0x7e ./Core/Src/TJ_MPU6050.o
 .debug_macro   0x000000000001e2a5       0x89 ./Core/Src/TJ_MPU6050.o
 .debug_macro   0x000000000001e32e      0x295 ./Core/Src/TJ_MPU6050.o
 .debug_macro   0x000000000001e5c3      0x12d ./Core/Src/TJ_MPU6050.o
 .debug_macro   0x000000000001e6f0       0x52 ./Core/Src/TJ_MPU6050.o
 .debug_macro   0x000000000001e742       0x18 ./Core/Src/TJ_MPU6050.o
 .debug_macro   0x000000000001e75a       0x3c ./Core/Src/TJ_MPU6050.o
 .debug_macro   0x000000000001e796       0x34 ./Core/Src/TJ_MPU6050.o
 .debug_macro   0x000000000001e7ca       0x16 ./Core/Src/TJ_MPU6050.o
 .debug_macro   0x000000000001e7e0       0x43 ./Core/Src/TJ_MPU6050.o
 .debug_macro   0x000000000001e823       0x34 ./Core/Src/TJ_MPU6050.o
 .debug_macro   0x000000000001e857       0x10 ./Core/Src/TJ_MPU6050.o
 .debug_macro   0x000000000001e867       0x58 ./Core/Src/TJ_MPU6050.o
 .debug_macro   0x000000000001e8bf       0x71 ./Core/Src/TJ_MPU6050.o
 .debug_macro   0x000000000001e930       0x1c ./Core/Src/TJ_MPU6050.o
 .debug_macro   0x000000000001e94c      0x12a ./Core/Src/TJ_MPU6050.o
 .debug_macro   0x000000000001ea76      0x333 ./Core/Src/TJ_MPU6050.o
 .debug_macro   0x000000000001eda9       0x10 ./Core/Src/TJ_MPU6050.o
 .debug_macro   0x000000000001edb9       0x35 ./Core/Src/TJ_MPU6050.o
 .debug_macro   0x000000000001edee       0x20 ./Core/Src/TJ_MPU6050.o
 .debug_macro   0x000000000001ee0e       0x22 ./Core/Src/TJ_MPU6050.o
 .debug_macro   0x000000000001ee30      0x1a9 ./Core/Src/TJ_MPU6050.o
 .debug_macro   0x000000000001efd9       0x6a ./Core/Src/TJ_MPU6050.o
 .debug_macro   0x000000000001f043      0x2d1 ./Core/Src/main.o
 .debug_macro   0x000000000001f314      0x1de ./Core/Src/stm32f4xx_hal_msp.o
 .debug_macro   0x000000000001f4f2      0x1e8 ./Core/Src/stm32f4xx_it.o
 .debug_macro   0x000000000001f6da      0x1d4 ./Core/Src/system_stm32f4xx.o
 .debug_macro   0x000000000001f8ae      0x234 ./Drivers/STM32F4xx_HAL_Driver/Src/stm32f4xx_hal.o
 .debug_macro   0x000000000001fae2      0x1d4 ./Drivers/STM32F4xx_HAL_Driver/Src/stm32f4xx_hal_cortex.o
 .debug_macro   0x000000000001fcb6      0x1da ./Drivers/STM32F4xx_HAL_Driver/Src/stm32f4xx_hal_gpio.o
 .debug_macro   0x000000000001fe90      0x21b ./Drivers/STM32F4xx_HAL_Driver/Src/stm32f4xx_hal_i2c.o
 .debug_macro   0x00000000000200ab      0x1f8 ./Drivers/STM32F4xx_HAL_Driver/Src/stm32f4xx_hal_rcc.o
 .debug_macro   0x00000000000202a3      0x1d5 ./Drivers/STM32F4xx_HAL_Driver/Src/stm32f4xx_hal_uart.o

.debug_line     0x0000000000000000     0xbd26
 .debug_line    0x0000000000000000      0xb07 ./Core/Src/TJ_MPU6050.o
 .debug_line    0x0000000000000b07      0x97e ./Core/Src/main.o
 .debug_line    0x0000000000001485      0x762 ./Core/Src/stm32f4xx_hal_msp.o
 .debug_line    0x0000000000001be7      0x789 ./Core/Src/stm32f4xx_it.o
 .debug_line    0x0000000000002370      0x748 ./Core/Src/system_stm32f4xx.o
 .debug_line    0x0000000000002ab8       0x88 ./Core/Startup/startup_stm32f407vgtx.o
 .debug_line    0x0000000000002b40      0x9ae ./Drivers/STM32F4xx_HAL_Driver/Src/stm32f4xx_hal.o
 .debug_line    0x00000000000034ee      0xc5d ./Drivers/STM32F4xx_HAL_Driver/Src/stm32f4xx_hal_cortex.o
 .debug_line    0x000000000000414b      0xb24 ./Drivers/STM32F4xx_HAL_Driver/Src/stm32f4xx_hal_gpio.o
 .debug_line    0x0000000000004c6f     0x395a ./Drivers/STM32F4xx_HAL_Driver/Src/stm32f4xx_hal_i2c.o
 .debug_line    0x00000000000085c9      0xd28 ./Drivers/STM32F4xx_HAL_Driver/Src/stm32f4xx_hal_rcc.o
 .debug_line    0x00000000000092f1     0x2a35 ./Drivers/STM32F4xx_HAL_Driver/Src/stm32f4xx_hal_uart.o

.debug_str      0x0000000000000000    0xc4a9e
 .debug_str     0x0000000000000000    0xc2015 ./Core/Src/TJ_MPU6050.o
                                      0xc23f7 (size before relaxing)
 .debug_str     0x00000000000c2015      0x608 ./Core/Src/main.o
                                      0xc277f (size before relaxing)
 .debug_str     0x00000000000c261d       0x7d ./Core/Src/stm32f4xx_hal_msp.o
                                      0xbe80f (size before relaxing)
 .debug_str     0x00000000000c269a       0xbd ./Core/Src/stm32f4xx_it.o
                                      0xbe03e (size before relaxing)
 .debug_str     0x00000000000c2757       0xaf ./Core/Src/system_stm32f4xx.o
                                      0xbe122 (size before relaxing)
 .debug_str     0x00000000000c2806       0x36 ./Core/Startup/startup_stm32f407vgtx.o
                                         0x70 (size before relaxing)
 .debug_str     0x00000000000c283c      0xa5e ./Drivers/STM32F4xx_HAL_Driver/Src/stm32f4xx_hal.o
                                      0xbec04 (size before relaxing)
 .debug_str     0x00000000000c329a      0x399 ./Drivers/STM32F4xx_HAL_Driver/Src/stm32f4xx_hal_cortex.o
                                      0xbe9f3 (size before relaxing)
 .debug_str     0x00000000000c3633      0x15f ./Drivers/STM32F4xx_HAL_Driver/Src/stm32f4xx_hal_gpio.o
                                      0xbe2c9 (size before relaxing)
 .debug_str     0x00000000000c3792      0xac3 ./Drivers/STM32F4xx_HAL_Driver/Src/stm32f4xx_hal_i2c.o
                                      0xbf0a4 (size before relaxing)
 .debug_str     0x00000000000c4255      0x24e ./Drivers/STM32F4xx_HAL_Driver/Src/stm32f4xx_hal_rcc.o
                                      0xbe524 (size before relaxing)
 .debug_str     0x00000000000c44a3      0x5fb ./Drivers/STM32F4xx_HAL_Driver/Src/stm32f4xx_hal_uart.o
                                      0xbeaaa (size before relaxing)

.comment        0x0000000000000000       0x53
 .comment       0x0000000000000000       0x53 ./Core/Src/TJ_MPU6050.o
                                         0x54 (size before relaxing)
 .comment       0x0000000000000053       0x54 ./Core/Src/main.o
 .comment       0x0000000000000053       0x54 ./Core/Src/stm32f4xx_hal_msp.o
 .comment       0x0000000000000053       0x54 ./Core/Src/stm32f4xx_it.o
 .comment       0x0000000000000053       0x54 ./Core/Src/system_stm32f4xx.o
 .comment       0x0000000000000053       0x54 ./Drivers/STM32F4xx_HAL_Driver/Src/stm32f4xx_hal.o
 .comment       0x0000000000000053       0x54 ./Drivers/STM32F4xx_HAL_Driver/Src/stm32f4xx_hal_cortex.o
 .comment       0x0000000000000053       0x54 ./Drivers/STM32F4xx_HAL_Driver/Src/stm32f4xx_hal_gpio.o
 .comment       0x0000000000000053       0x54 ./Drivers/STM32F4xx_HAL_Driver/Src/stm32f4xx_hal_i2c.o
 .comment       0x0000000000000053       0x54 ./Drivers/STM32F4xx_HAL_Driver/Src/stm32f4xx_hal_rcc.o
 .comment       0x0000000000000053       0x54 ./Drivers/STM32F4xx_HAL_Driver/Src/stm32f4xx_hal_uart.o

.debug_frame    0x0000000000000000     0x269c
 .debug_frame   0x0000000000000000      0x210 ./Core/Src/TJ_MPU6050.o
 .debug_frame   0x0000000000000210       0xc8 ./Core/Src/main.o
 .debug_frame   0x00000000000002d8       0xc8 ./Core/Src/stm32f4xx_hal_msp.o
 .debug_frame   0x00000000000003a0      0x104 ./Core/Src/stm32f4xx_it.o
 .debug_frame   0x00000000000004a4       0x58 ./Core/Src/system_stm32f4xx.o
 .debug_frame   0x00000000000004fc      0x374 ./Drivers/STM32F4xx_HAL_Driver/Src/stm32f4xx_hal.o
 .debug_frame   0x0000000000000870      0x498 ./Drivers/STM32F4xx_HAL_Driver/Src/stm32f4xx_hal_cortex.o
 .debug_frame   0x0000000000000d08      0x14c ./Drivers/STM32F4xx_HAL_Driver/Src/stm32f4xx_hal_gpio.o
 .debug_frame   0x0000000000000e54      0xc5c ./Drivers/STM32F4xx_HAL_Driver/Src/stm32f4xx_hal_i2c.o
 .debug_frame   0x0000000000001ab0      0x1ec ./Drivers/STM32F4xx_HAL_Driver/Src/stm32f4xx_hal_rcc.o
 .debug_frame   0x0000000000001c9c      0x92c ./Drivers/STM32F4xx_HAL_Driver/Src/stm32f4xx_hal_uart.o
 .debug_frame   0x00000000000025c8       0x2c c:/st/stm32cubeide_1.6.1/stm32cubeide/plugins/com.st.stm32cube.ide.mcu.externaltools.gnu-tools-for-stm32.9-2020-q2-update.win32_2.0.0.202105311346/tools/bin/../lib/gcc/arm-none-eabi/9.3.1/../../../../arm-none-eabi/lib/thumb/v7e-m+fp/hard\libc_nano.a(lib_a-init.o)
 .debug_frame   0x00000000000025f4       0x28 c:/st/stm32cubeide_1.6.1/stm32cubeide/plugins/com.st.stm32cube.ide.mcu.externaltools.gnu-tools-for-stm32.9-2020-q2-update.win32_2.0.0.202105311346/tools/bin/../lib/gcc/arm-none-eabi/9.3.1/../../../../arm-none-eabi/lib/thumb/v7e-m+fp/hard\libc_nano.a(lib_a-memcpy-stub.o)
 .debug_frame   0x000000000000261c       0x20 c:/st/stm32cubeide_1.6.1/stm32cubeide/plugins/com.st.stm32cube.ide.mcu.externaltools.gnu-tools-for-stm32.9-2020-q2-update.win32_2.0.0.202105311346/tools/bin/../lib/gcc/arm-none-eabi/9.3.1/../../../../arm-none-eabi/lib/thumb/v7e-m+fp/hard\libc_nano.a(lib_a-memset.o)
 .debug_frame   0x000000000000263c       0x2c c:/st/stm32cubeide_1.6.1/stm32cubeide/plugins/com.st.stm32cube.ide.mcu.externaltools.gnu-tools-for-stm32.9-2020-q2-update.win32_2.0.0.202105311346/tools/bin/../lib/gcc/arm-none-eabi/9.3.1/thumb/v7e-m+fp/hard\libgcc.a(_aeabi_uldivmod.o)
 .debug_frame   0x0000000000002668       0x34 c:/st/stm32cubeide_1.6.1/stm32cubeide/plugins/com.st.stm32cube.ide.mcu.externaltools.gnu-tools-for-stm32.9-2020-q2-update.win32_2.0.0.202105311346/tools/bin/../lib/gcc/arm-none-eabi/9.3.1/thumb/v7e-m+fp/hard\libgcc.a(_udivmoddi4.o)
